outputs/agentic_outcomes.csv
step,regime,p_new,u_pred,u_actual,q_pred,q_actual,demand_shift,revenue_baseline,revenue_new,revenue_gain_pct,utilization_new,reward,reward_revenue_component,reward_utilization_component,reward_congestion_component,pricing_efficiency,epsilon,alpha,beta,fallback_used,data_source,utilization_value,price_applied,revenue_this_step,hour_of_day,is_peak_hour
0,surge,16.64669930934906,0.507445,0.5094583241813379,0.0,0.09458324181337852,-0.027444988489151,83059236.69382359,89647666.10942836,7.932205589477438,0.5067138253324227,-25.956487173068698,7.932205589477438,-0.27444988489151445,83.7751369281825,16.189830838421614,0.25,4.0,4.0,False,unified,0.5094583241813379,16.64669930934906,89647666.10942836,0.0,1.0
1,surge,17.024089694023132,0.5137348,0.5166592535382151,0.0,0.16659253538215069,-0.03373482823371887,85264525.38768691,93505540.44616504,9.665233015732262,0.5132857707148432,-30.921798037979627,9.665233015732262,-0.33734828233719094,100.0,16.44978495235984,0.25,4.0,4.0,False,unified,0.5166592535382151,17.024089694023132,93505540.44616504,0.0,1.0
2,surge,17.05556809902191,0.51425946,0.5134204262815503,4.541679642894215e-05,0.13420426281550268,-0.03425946831703186,85781506.76230396,94195262.35118744,9.808356027363272,0.5099944794498471,-30.876298756416325,9.808356027363272,-0.3425946831703164,100.0,16.47125340410449,0.25,4.0,4.0,False,unified,0.5134204262815503,17.05556809902191,94195262.35118744,0.0,1.0
3,neutral,16.486204147338867,0.47889638,0.4802073103889664,6.228589224540637e-05,0.0,-0.024770069122314452,103727786.49392419,111181248.46035571,7.1855982069646425,0.47773030347673495,5.964261841161338,7.1855982069646425,-0.24770069122314609,-10.808104885196013,16.077839731044698,0.25,4.0,4.0,False,unified,0.4802073103889664,16.486204147338867,111181248.46035571,1.0,1.0
4,surge,16.433542370796204,0.50389236,0.5056820232262689,0.0,0.05682023226268873,-0.02398765648706841,84928359.13149114,90812989.6579027,6.928934676932387,0.503283257577562,-13.436734131367166,6.928934676932387,-0.2398765648706891,46.01212737749272,16.039340201539858,0.25099700897308075,4.0,4.0,False,unified,0.5056820232262689,16.433542370796204,90812989.6579027,1.0,1.0
5,surge,15.58500051498413,0.48975,0.4907822967464691,0.0,0.0,-0.009788891967248583,104650767.73151848,107667783.98383778,2.8829375242229096,0.4898034075497443,4.593821700468285,2.8829375242229096,-0.09788891967248414,-10.808104885196013,15.432440628633437,0.25099700897308075,4.0,4.0,False,unified,0.4907822967464691,15.58500051498413,107667783.98383778,1.0,1.0
6,neutral,16.306495666503906,0.46451968,0.4670187002092743,6.228589224540637e-05,0.0,-0.021861766968584807,91846135.25637704,97663099.14903274,6.333379054457078,0.4648325235124158,5.6926269179411495,6.333379054457078,-0.21861766968584995,-10.808104885196013,15.95000685816856,0.25099700897308075,4.0,4.0,False,unified,0.4670187002092743,16.306495666503906,97663099.14903274,2.0,0.0
7,surge,16.29736840724945,0.5016228,0.5027997338475596,0.0,0.027997338475596045,-0.021795014691952684,78981990.54441062,83942939.00649889,6.281113489155215,0.5006202323783643,-3.8434955177982357,6.281113489155215,-0.21795014691953218,17.189233590400033,15.942167023373282,0.25199104475836903,4.0,4.0,False,unified,0.5027997338475596,16.29736840724945,83942939.00649889,2.0,0.0
8,neutral,16.482248306274414,0.47857982,0.4764312384090815,0.0,0.0,-0.024900886619294172,94584299.3248918,101342824.90994552,7.145504733125477,0.4739411497471521,5.9505992970543815,7.145504733125477,-0.24900886619294016,-10.808104885196013,16.07182570996882,0.25199104475836903,4.0,4.0,False,unified,0.4764312384090815,16.482248306274414,101342824.90994552,2.0,0.0
9,neutral,16.305496215820312,0.46443963,0.466905540529575,6.228589224540637e-05,0.0,-0.022017899365826675,88111392.37507296,93671123.96501622,6.309889606870097,0.46470375059299235,5.6843601633265495,6.309889606870097,-0.22017899365826543,-10.808104885196013,15.946483441030516,0.2529831082504325,4.0,4.0,False,unified,0.466905540529575,16.305496215820312,93671123.96501622,3.0,0.0
10,neutral,16.391143798828125,0.47129154,0.4719309876984268,0.0,0.0,-0.023554307828869463,90925325.02519034,97017696.12400334,6.700411680821753,0.4695755569155398,5.808162299802554,6.700411680821753,-0.23554307828869692,-10.808104885196013,16.005061752123265,0.253974188527935,4.0,4.0,False,unified,0.4719309876984268,16.391143798828125,97017696.12400334,4.0,0.0
11,neutral,16.309579849243164,0.46476632,0.4688716008736976,6.228589224540637e-05,0.0,-0.022259739549079335,94146630.86246634,100087489.44877575,6.310218997627322,0.4666456269187897,5.6836707896717,6.310218997627322,-0.22259739549079227,-10.808104885196013,15.946532849644099,0.254964287537836,4.0,4.0,False,unified,0.4688716008736976,16.309579849243164,100087489.44877575,5.0,0.0
12,surge,15.796970129013062,0.49328282,0.4943491560001765,0.0,0.0,-0.013599147998300417,79035396.20618322,82102732.50399485,3.8809652953592186,0.49298924120034643,4.910597020040795,3.8809652953592186,-0.13599147998300531,-10.808104885196013,15.582144794303883,0.2559534072213177,4.0,4.0,False,unified,0.4943491560001765,15.796970129013062,82102732.50399485,5.0,0.0
13,surge,16.326608061790466,0.5021101,0.504654913520674,0.0,0.04654913520674042,-0.02263665689750255,87684401.66249448,93278831.55033079,6.380188245304787,0.5023912478309238,-10.121189156136278,6.380188245304787,-0.22636656897502272,35.74103032154441,15.957028236795718,0.2559534072213177,4.0,4.0,False,unified,0.504654913520674,16.326608061790466,93278831.55033079,6.0,0.0
14,surge,16.64652407169342,0.50744206,0.5085291118280095,0.0,0.08529111828009528,-0.028095563081456543,91265227.16242693,98437643.35644643,7.858870697001141,0.5057195555198639,-22.823512582424183,7.858870697001141,-0.2809556308145611,74.48301339489927,16.17883060455017,0.2559534072213177,4.0,4.0,False,unified,0.5085291118280095,16.64652407169342,98437643.35644643,6.0,0.0
15,surge,15.809621214866638,0.49349368,0.4965333041290337,0.0,0.0,-0.013815020566918574,103448624.69995344,107525955.5016798,3.941406484187113,0.49515180207234183,4.929830232877561,3.941406484187113,-0.13815020566918523,-10.808104885196013,15.591210972628065,0.2559534072213177,4.0,4.0,False,unified,0.4965333041290337,15.809621214866638,107525955.5016798,6.0,0.0
16,neutral,15.662334442138672,0.4129867,0.4184667227574035,3.633343714315372e-05,0.0,-0.011301783812361584,94438816.16665235,97494365.95839754,3.2354808285114256,0.41733654437616735,4.705168447794623,3.2354808285114256,-0.11301783812361355,-10.808104885196013,15.485322124276715,0.2559534072213177,4.0,4.0,False,unified,0.4184667227574035,15.662334442138672,97494365.95839754,7.0,0.0
17,neutral,15.998790740966797,0.43990317,0.4457712843776086,0.0,0.0,-0.017108463666965088,80143970.65874073,84018002.02805325,4.833840072397276,0.4440604380109121,5.213464954756762,4.833840072397276,-0.17108463666964946,-10.808104885196013,15.725076010859592,0.25693765918982164,4.0,4.0,False,unified,0.4457712843776086,15.998790740966797,84018002.02805325,7.0,0.0
18,neutral,16.04913902282715,0.44393116,0.4450413243281201,0.0,0.0,-0.018039661765484095,81160744.777739,85270822.19542953,5.064119888187441,0.44323735815157167,5.286384340242401,5.064119888187441,-0.18039661765484327,-10.808104885196013,15.759617983228114,0.2579209433589465,4.0,4.0,False,unified,0.4450413243281201,16.04913902282715,85270822.19542953,7.0,0.0
19,neutral,16.076435089111328,0.44611475,0.4536956130861579,0.0,0.0,-0.01857950370026493,85433806.21882184,89863508.6547332,5.184952692574118,0.4518376627161314,5.3244776873052295,5.184952692574118,-0.18579503700265065,-10.808104885196013,15.777742903886116,0.25890326163006633,4.0,4.0,False,unified,0.4536956130861579,16.076435089111328,89863508.6547332,7.0,0.0
20,surge,16.612130999565125,0.50686884,0.5122913267957176,0.0,0.1229132679571765,-0.02793120304005231,93089635.15444043,100214928.0467713,7.654227971255498,0.5094982064917124,-31.566277739517858,7.654227971255498,-0.27931203040052477,100.0,16.148134195688325,0.2598846158989574,4.0,4.0,False,unified,0.5122913267957176,16.612130999565125,100214928.0467713,7.0,0.0
21,neutral,15.062161445617676,0.36497292,0.3655928930924317,0.0,0.0,-0.00107698689453824,49254359.419162355,49405208.10288906,0.3062646342488379,0.3654851944029779,3.772268933516785,0.3062646342488379,-0.010769868945381678,-10.808104885196013,15.045939695137324,0.2598846158989574,4.0,4.0,False,unified,0.3655928930924317,15.062161445617676,49405208.10288906,8.0,0.0
22,discount,14.995070815086365,0.35876772,0.3591006331017385,0.0,0.0,8.572314193771757e-05,49880254.424958944,49868137.64547139,-0.024291735531915708,0.3591092054159323,3.667022274609507,-0.024291735531915708,0.0008572314193766584,-10.808104885196013,14.996356239670213,0.2608640478284383,4.0,4.0,False,unified,0.3591006331017385,14.995070815086365,49868137.64547139,8.0,0.0
23,neutral,15.011574745178223,0.36092603,0.3613714436539154,0.0,0.0,-0.0002012956586515907,49291848.07495456,49319954.22216278,0.05701986901664199,0.3613513140880502,3.692907942068586,0.05701986901664199,-0.0020129565865167898,-10.808104885196013,15.008552980352496,0.2608640478284383,4.0,4.004892367906066,False,unified,0.3613714436539154,15.011574745178223,49319954.22216278,8.0,0.0
24,neutral,15.765191078186035,0.4212153,0.4244403189356983,0.0,0.0,-0.013357255292434795,74216528.0438994,76960616.85997131,3.6974093081379014,0.4231045934064548,4.850821790187117,3.6974093081379014,-0.13357255292434922,-10.808104885196013,15.554611396220688,0.26184156493498767,4.0,4.004892367906066,False,unified,0.4244403189356983,15.765191078186035,76960616.85997131,8.0,0.0
25,neutral,15.097848892211914,0.36782786,0.3706245302731067,0.0,0.0,-0.0017144308415148802,50868529.950106844,51112579.09654827,0.47976449620382594,0.3704530871889552,3.8274203229369075,0.47976449620382594,-0.017144308415151244,-10.808104885196013,15.071964674430575,0.26281812743498767,4.0,4.004892367906066,False,unified,0.3706245302731067,15.097848892211914,51112579.09654827,9.0,0.0
26,neutral,15.158355712890625,0.37266845,0.376846146437926,0.0,0.0,-0.002784883020598432,44862911.287470445,45210274.23820931,0.7742764363040245,0.3765676581358662,3.921076770978998,0.7742764363040245,-0.027848830205984276,-10.808104885196013,15.116141465445603,0.26379373719108523,4.0,4.004892367906066,False,unified,0.376846146437926,15.158355712890625,45210274.23820931,10.0,0.0
27,neutral,15.059613227844238,0.36476907,0.3674263229292095,0.0,0.0,-0.0010522465813537982,32879975.906275876,32975912.664444257,0.29177867539151403,0.3673210982710741,3.7675702101273765,0.29177867539151403,-0.010522465813539439,-10.808104885196013,15.043766801308728,0.26476839606048097,4.0,4.004892367906066,False,unified,0.3674263229292095,15.059613227844238,32975912.664444257,10.0,0.0
28,neutral,15.024672508239746,0.36197385,0.3616574551677571,0.0,0.0,-0.00043710161982270934,34162086.11223213,34203320.20463713,0.12070133032725408,0.3616137450057748,3.713144664629223,0.12070133032725408,-0.004371016198229105,-10.808104885196013,15.018105199549085,0.2657421058949503,4.0,4.004892367906066,False,unified,0.3616574551677571,15.024672508239746,34203320.20463713,10.0,0.0
29,neutral,15.056962966918945,0.36455706,0.3646853092950125,0.0,0.0,-0.0010128580155656082,35745860.63249294,35845263.67803169,0.278082675252183,0.364584023493456,3.763180512348499,0.278082675252183,-0.010128580155654987,-10.808104885196013,15.041712401287826,0.2667148685408647,4.0,4.004892367906066,False,unified,0.3646853092950125,15.056962966918945,35845263.67803169,10.0,0.0
30,neutral,15.107938766479492,0.36863518,0.37466051858795,0.0,0.0,-0.0019262513781645302,46009338.22512099,46251154.34608215,0.5255805240622401,0.3744678934501336,3.841840604359242,0.5255805240622401,-0.019262513781642676,-10.808104885196013,15.078837078609336,0.26768668583921257,4.0,4.004892367906066,False,unified,0.37466051858795,15.107938766479492,46251154.34608215,11.0,0.0
31,discount,14.9793861818057,0.35485286,0.3548286739431135,0.0,0.0,0.0003692038727098033,33974320.38750216,33940157.23601829,-0.10055580536774576,0.3548655943303845,3.642790617975231,-0.10055580536774576,0.0036920387270988897,-10.808104885196013,14.984916629194839,0.2686575596256203,4.0,4.004892367906066,False,unified,0.3548286739431135,14.9793861818057,33940157.23601829,11.0,0.0
32,discount,14.986258708407137,0.35656056,0.3560834810076679,0.0,0.0,0.00024611345769617854,44444270.31379038,44414483.84784291,-0.06701981096139016,0.35610809235343754,3.6534512977597844,-0.06701981096139016,0.0024611345769642856,-10.808104885196013,14.989947028355793,0.2686575596256203,4.0,3.9951930468585397,False,unified,0.3560834810076679,14.986258708407137,44414483.84784291,11.0,0.0
33,neutral,15.377998352050781,0.39023995,0.389340660083216,0.0,0.0,-0.0067701409869645995,60505071.90001069,61609842.62016561,1.8259142340672492,0.3886636459845195,4.254965892951853,1.8259142340672492,-0.06770140986964712,-10.808104885196013,15.273887135110087,0.2686575596256203,4.0,3.9855031243779195,False,unified,0.389340660083216,15.377998352050781,61609842.62016561,12.0,0.0
34,neutral,15.418710708618164,0.39349684,0.3956771176407307,0.0,0.0,-0.0075263421220769155,63629923.275051974,64913823.334352635,2.0177614449584804,0.39492448342852304,4.31578000880009,2.0177614449584804,-0.07526342122076701,-10.808104885196013,15.302664216743771,0.2696256138366561,4.0,3.9855031243779195,False,unified,0.3956771176407307,15.418710708618164,64913823.334352635,12.0,0.0
35,neutral,15.26470947265625,0.38117674,0.382262955059252,0.0,0.0,-0.004775230623068217,58103111.98137361,58846122.81937524,1.278779763534562,0.3817854319969452,4.080994721876926,1.278779763534562,-0.04775230623068061,-10.808104885196013,15.191816964530183,0.2705927318250507,4.0,3.9855031243779195,False,unified,0.382262955059252,15.26470947265625,58846122.81937524,12.0,0.0
36,neutral,15.562397003173828,0.4049917,0.4026909738920379,0.0,0.0,-0.010181594680403715,84571225.98748943,86848712.10244118,2.6929798975465387,0.40167281442399755,4.529839764711671,2.6929798975465387,-0.10181594680403472,-10.808104885196013,15.403946984631983,0.27155891539992993,4.0,3.9855031243779195,False,unified,0.4026909738920379,15.562397003173828,86848712.10244118,13.0,0.0
37,neutral,15.339897155761719,0.38719174,0.3920249761771237,0.0,0.0,-0.006175345934923897,61883364.693335444,62894819.34523797,1.6344532281249011,0.3914074415836313,4.1937465846626125,1.6344532281249011,-0.0617534593492397,-10.808104885196013,15.245167984218735,0.2725241663651809,4.0,3.9855031243779195,False,unified,0.3920249761771237,15.339897155761719,62894819.34523797,13.0,0.0
38,neutral,15.04698657989502,0.363759,0.3670381083509417,0.0,0.0,-0.0008566859081476766,43192795.25625665,43290975.47034727,0.22730692354623927,0.3669524397601269,3.7469398822400164,0.22730692354623927,-0.008566859081476919,-10.808104885196013,15.034096038531937,0.2734884865194721,4.0,3.9855031243779195,False,unified,0.3670381083509417,15.04698657989502,43290975.47034727,14.0,1.0
39,neutral,15.017965316772461,0.36143723,0.3621721680550139,0.0,0.0,-0.00032870766139277667,45862932.20628051,45902768.12703151,0.08685864342871268,0.3621392972888746,3.7023342780155235,0.08685864342871268,-0.0032870766139281304,-10.808104885196013,15.013028796514307,0.27445187765627366,4.0,3.9855031243779195,False,unified,0.3621721680550139,15.017965316772461,45902768.12703151,14.0,1.0
40,discount,14.985560606172047,0.35637704,0.3579888679910307,0.0,0.0,0.0002651210762471418,46796133.13118852,46763480.64301615,-0.06977603914586075,0.3580153800986554,3.6526044676001264,-0.06977603914586075,0.0026512107624721004,-10.808104885196013,14.989533594128122,0.2754143415638771,4.0,3.9855031243779195,False,unified,0.3579888679910307,14.985560606172047,46763480.64301615,14.0,1.0
41,discount,14.980453274164645,0.35508963,0.3552466258970499,0.0,0.0,0.0003588965750449199,51496167.18772926,51447519.47107893,-0.09446861641757588,0.3552825155545544,3.6447653762464935,-0.09446861641757588,0.0035889657504506456,-10.808104885196013,14.985829707537365,0.2754143415638771,4.0,3.980695432070227,False,unified,0.3552466258970499,14.980453274164645,51447519.47107893,14.0,1.0
42,discount,14.930561295299244,0.34253508,0.3457750554339173,0.0,0.0,0.0012749610089471532,38114225.81252172,37986154.84524886,-0.3360188080503527,0.34590255153481203,3.568076825639555,-0.3360188080503527,0.012749610089474173,-10.808104885196013,14.949597178792446,0.2754143415638771,4.0,3.9758923581028878,False,unified,0.3457750554339173,14.930561295299244,37986154.84524886,15.0,1.0
43,discount,14.93058557121974,0.3425201,0.3452079974922866,0.0,0.0,0.0012745152798365187,37773308.00611908,37646427.03810911,-0.3359011288855533,0.34533544902027025,3.568114188857873,-0.3359011288855533,0.012745152798365744,-10.808104885196013,14.949614830667167,0.2754143415638771,4.0,3.971093893611525,False,unified,0.3452079974922866,14.93058557121974,37646427.03810911,15.0,1.0
44,discount,14.968422878916718,0.35202903,0.3509430124782569,0.0,0.0,0.0005797861341090044,42729369.85873413,42664140.236620076,-0.15265758032404392,0.35100099109166777,3.6262919537022698,-0.15265758032404392,0.005797861341089172,-10.808104885196013,14.977101362951393,0.2754143415638771,4.0,3.9615061659029918,False,unified,0.3509430124782569,14.968422878916718,42664140.236620076,15.0,1.0
45,discount,14.930355415400156,0.3423984,0.3432034513234699,0.0,0.0,0.001278741160737058,39260618.324724324,39128303.433183536,-0.337016830571573,0.3433313254395436,3.567759952708457,-0.337016830571573,0.012787411607367849,-10.808104885196013,14.949447475414262,0.2754143415638771,4.0,3.9567168938723403,False,unified,0.3432034513234699,14.930355415400156,39128303.433183536,16.0,1.0
