outputs/agentic_outcomes.csv
step,regime,p_new,u_pred,u_actual,q_pred,q_actual,demand_shift,revenue_baseline,revenue_new,revenue_gain_pct,utilization_new,reward,reward_revenue_component,reward_utilization_component,reward_congestion_component,pricing_efficiency,epsilon,alpha,beta,fallback_used,data_source,utilization_value,price_applied,revenue_this_step,hour_of_day,is_peak_hour
46,discount,14.950368521006947,0.34744123,0.3482574495462637,0.0,0.0,0.0009112814071808724,40942152.9185728,40843871.31835136,-0.24004990752905966,0.3483485776869818,3.598546420125752,-0.24004990752905966,0.009112814071809971,-10.808104885196013,14.96399251387064,0.2754143415638771,4.0,3.951932204877125,False,unified,0.3482574495462637,14.950368521006947,40843871.31835136,16.0,1.0
47,discount,14.94254237773999,0.34542564,0.3481149278142563,0.0,0.0,0.0010549768801711092,45209538.58139685,45083875.39718441,-0.27795723680344653,0.3482204255022734,3.5865111965260716,-0.27795723680344653,0.010549768801709769,-10.808104885196013,14.958306414479482,0.2754143415638771,4.0,3.942371975431618,False,unified,0.3481149278142563,14.94254237773999,45083875.39718441,17.0,1.0
48,discount,14.919691153172305,0.33960462,0.3387320067667117,0.0,0.0,0.0014745472113869194,43672831.78107222,43503063.66943945,-0.38872705228688464,0.3388794614878504,3.55134173950955,-0.38872705228688464,0.014745472113869562,-10.808104885196013,14.941690942156965,0.2754143415638771,4.0,3.9375964262434615,False,unified,0.3387320067667117,14.919691153172305,43503063.66943945,17.0,1.0
49,discount,14.921312204539637,0.33996776,0.3352080875778032,0.0,0.0,0.0014447831583885918,42863565.52517351,42700313.249524854,-0.38086489924123657,0.33535256589364204,3.553838028639719,-0.38086489924123657,0.01444783158388585,-10.808104885196013,14.942870265113815,0.2754143415638771,4.0,3.928054441510637,False,unified,0.3352080875778032,14.921312204539637,42700313.249524854,18.0,0.0
50,discount,14.923568192100385,0.34051844,0.3322350341367273,0.0,0.0,0.0014033610698139494,44835880.649913535,44670021.80753273,-0.36992435517406674,0.33237537024370867,3.5573117152895883,-0.36992435517406674,0.014033610698138688,-10.808104885196013,14.944511346723887,0.2754143415638771,4.0,3.9232879972780346,False,unified,0.3322350341367273,14.923568192100385,44670021.80753273,18.0,0.0
51,neutral,15.165003776550293,0.3732004,0.3766192975655901,0.0,0.0,-0.003029627098276803,49464184.57496001,49856796.54879726,0.7937298010892488,0.37631633485576244,3.926688725901784,0.7937298010892488,-0.030296270982765883,-10.808104885196013,15.119059470163387,0.2754143415638771,4.0,3.9280499020399393,False,unified,0.3766192975655901,15.165003776550293,49856796.54879726,19.0,0.0
52,neutral,15.413838386535645,0.39310712,0.3964602072962097,0.0,0.0,-0.007624718902120369,64115437.20728967,65381982.964471065,1.9754146775706458,0.3956977354059976,4.30148093218796,1.9754146775706458,-0.07624718902120575,-10.808104885196013,15.296312201635596,0.2763658163497953,4.0,3.9280499020399393,False,unified,0.3964602072962097,15.413838386535645,65381982.964471065,19.0,0.0
53,neutral,15.555851936340332,0.40446812,0.404676842822454,0.0,0.0,-0.010276456701443521,51919871.70022191,53290531.728918605,2.639952649749778,0.4036491971523096,4.512027728269308,2.639952649749778,-0.10276456701443504,-10.808104885196013,15.395992897462465,0.2773163866920006,4.0,3.9280499020399393,False,unified,0.404676842822454,15.555851936340332,53290531.728918605,20.0,0.0
54,neutral,15.513633728027344,0.40109074,0.4060415958454568,0.0,0.0,-0.00952845539052329,63051085.05773315,64588744.4921085,2.4387517406994426,0.40508875030640445,4.448099832608734,2.4387517406994426,-0.09528455390523383,-10.808104885196013,15.365812761104918,0.2782660543083349,4.0,3.9280499020399393,False,unified,0.4060415958454568,15.513633728027344,64588744.4921085,20.0,0.0
55,neutral,15.923330307006836,0.4338665,0.4357048493695094,0.0,0.0,-0.017187167087553686,65440310.81245821,68274545.36915287,4.331022456200034,0.43398613266075403,5.0472754201237295,4.331022456200034,-0.17187167087553412,-10.808104885196013,15.649653368430005,0.2792148209117505,4.0,3.9280499020399393,False,unified,0.4357048493695094,15.923330307006836,68274545.36915287,21.0,0.0
56,neutral,15.894580841064453,0.4315665,0.4349758449827547,0.0,0.0,-0.016708544883604935,51697161.645004034,53865014.993874006,4.193370157836259,0.4333049904943942,5.003429614936714,4.193370157836259,-0.1670854488360518,-10.808104885196013,15.62900552367544,0.2801626882103287,4.0,3.9280499020399393,False,unified,0.4349758449827547,15.894580841064453,53865014.993874006,21.0,0.0
57,neutral,15.783781051635742,0.42270243,0.4262050643621214,0.0,0.0,-0.014688561553303071,51371910.5249678,53262191.38613566,3.6796000807662157,0.4247362082067911,4.840551434493595,3.6796000807662157,-0.14688561553303225,-10.808104885196013,15.551940012114933,0.2811096579072984,4.0,3.9280499020399393,False,unified,0.4262050643621214,15.783781051635742,53262191.38613566,21.0,0.0
58,neutral,15.789719581604004,0.42317757,0.4242415381902548,0.0,0.0,-0.014849662295197852,52652318.02481862,54601322.829061784,3.701650520542066,0.422756571960735,4.847296447171374,3.701650520542066,-0.14849662295197685,-10.808104885196013,15.55524757808131,0.2820557317010543,4.0,3.9280499020399393,False,unified,0.4242415381902548,15.789719581604004,54601322.829061784,21.0,0.0
59,neutral,15.652627944946289,0.41221023,0.4133337418250612,0.0,0.0,-0.0123129535433314,61580095.83751707,63468132.80783028,3.0659857615274215,0.4121024464707281,4.6458982155777,3.0659857615274215,-0.12312953543331395,-10.808104885196013,15.459897864229113,0.2830009112851753,4.0,3.9280499020399393,False,unified,0.4133337418250612,15.652627944946289,63468132.80783028,21.0,0.0
60,neutral,16.13744354248047,0.4509955,0.4543157752630812,0.0,0.0,-0.021531442151984784,65059172.08139979,68485539.88141765,5.2665407357642104,0.45216263104788273,5.341660344667285,5.2665407357642104,-0.2153144215198466,-10.808104885196013,15.789981110364634,0.2839451983484425,4.0,3.9280499020399393,False,unified,0.4543157752630812,16.13744354248047,68485539.88141765,22.0,0.0
61,neutral,16.063547134399414,0.4450839,0.4524744209634381,0.0,0.0,-0.02019949655887775,51239312.34366609,53763946.94269718,4.927143795564953,0.45045447130755034,5.234054774858784,4.927143795564953,-0.2019949655887754,-10.808104885196013,15.739071569334744,0.2848885945748576,4.0,3.9280499020399393,False,unified,0.4524744209634381,16.063547134399414,53763946.94269718,22.0,0.0
62,neutral,16.044721603393555,0.44357774,0.443617743452234,0.0,0.0,-0.01990759512059408,53233556.20493945,55807610.80762363,4.835398545936976,0.4416269839401746,5.2047421172278865,4.835398545936976,-0.19907595120594035,-10.808104885196013,15.725309781890546,0.2858311016436606,4.0,3.9280499020399393,False,unified,0.443617743452234,16.044721603393555,55807610.80762363,22.0,0.0
63,neutral,15.761510848999023,0.42092085,0.4232063404860249,0.0,0.0,-0.014558702560874737,62194310.00616361,64400316.06311921,3.5469580042563016,0.42175047022993745,4.797208083920339,3.5469580042563016,-0.14558702560874548,-10.808104885196013,15.532043700638445,0.286772721229348,4.0,3.9280499020399393,False,unified,0.4232063404860249,15.761510848999023,64400316.06311921,22.0,0.0
64,neutral,16.268342971801758,0.46146744,0.4651596922813454,0.0,0.0,-0.024327955902946355,54271294.5376175,57428318.845251724,5.817116275798384,0.46272689669105077,5.514121777500389,5.817116275798384,-0.2432795590294634,-10.808104885196013,15.872567441369759,0.28771345500169043,4.0,3.9280499020399393,False,unified,0.4651596922813454,16.268342971801758,57428318.845251724,23.0,0.0
65,neutral,16.283639907836914,0.4626911,0.4681177286565356,0.0,0.0,-0.024701793423107944,55606077.937305585,58873508.865868926,5.876031991048326,0.4656475493142248,5.532330299716336,5.876031991048326,-0.24701793423108076,-10.808104885196013,15.881404798657249,0.28865330462575056,4.0,3.9280499020399393,False,unified,0.4681177286565356,16.283639907836914,58873508.865868926,23.0,0.0
66,neutral,15.970575332641602,0.43764603,0.4405068884310921,0.0,0.0,-0.018738074366382928,53447123.643660314,55839122.95439361,4.475450029230947,0.4386330809944538,5.089818525203794,4.475450029230947,-0.18738074366382862,-10.808104885196013,15.671317504384643,0.2895922717619008,4.0,3.9280499020399393,False,unified,0.4405068884310921,15.970575332641602,55839122.95439361,23.0,0.0
67,neutral,15.892430305480957,0.43139443,0.4376484908927113,0.0,0.0,-0.017285206413346008,67186793.00647336,69953663.24450417,4.118175781606694,0.4359199702513767,4.9767124877328115,4.118175781606694,-0.17285206413346077,-10.808104885196013,15.617726367241003,0.29053035806584077,4.0,3.9280499020399393,False,unified,0.4376484908927113,15.892430305480957,69953663.24450417,23.0,0.0
